// Vitest Snapshot v1, https://vitest.dev/guide/snapshot.html

exports[`find_diets regression snapshot > exposes a stable MCP-wire contract (name + schema shape) 1`] = `
{
  "annotations": {
    "openWorldHint": false,
    "readOnlyHint": true,
  },
  "description": "Browse the diet catalog in a city — by diet type (KETO, VEGAN, …), kcal, price and catering rating — without looking at any day's menu. Use it for 'what vegan diets are there under 70 zł'; use \`plan\` to choose by what is actually on the menu. Returns the same \`offer_id\`s.",
  "inputSchema": {
    "$schema": "https://json-schema.org/draft/2020-12/schema",
    "additionalProperties": false,
    "properties": {
      "city": {
        "default": "Wrocław",
        "minLength": 1,
        "type": "string",
      },
      "diet_tag": {
        "description": "dietly's diet type, case-insensitive: STANDARD, SPORT, LOW IG, WEIGHT LOSS, KETO, VEGETARIAN, VEGAN, VEGE AND FISH, GLUTEN LACTOSE FREE, LOW CARB, DASH, … (get_context lists them).",
        "minLength": 1,
        "type": "string",
      },
      "include_shared_packages": {
        "default": false,
        "description": "Include 'dla dwojga' / 'duo' packages (priced for two).",
        "type": "boolean",
      },
      "kcal_max": {
        "exclusiveMinimum": 0,
        "maximum": 9007199254740991,
        "type": "integer",
      },
      "kcal_min": {
        "exclusiveMinimum": 0,
        "maximum": 9007199254740991,
        "type": "integer",
      },
      "limit": {
        "default": 20,
        "maximum": 50,
        "minimum": 1,
        "type": "integer",
      },
      "max_price_per_day": {
        "description": "PLN per day, promo applied.",
        "exclusiveMinimum": 0,
        "type": "number",
      },
      "min_rating": {
        "description": "Catering rating 0–5; caterings with no reviews are dropped.",
        "maximum": 5,
        "minimum": 0,
        "type": "number",
      },
      "sort_by": {
        "default": "price",
        "enum": [
          "price",
          "rating",
        ],
        "type": "string",
      },
      "with_promo_only": {
        "default": false,
        "type": "boolean",
      },
    },
    "required": [
      "city",
      "include_shared_packages",
      "limit",
      "sort_by",
      "with_promo_only",
    ],
    "type": "object",
  },
  "name": "find_diets",
  "outputSchema": {
    "$schema": "https://json-schema.org/draft/2020-12/schema",
    "additionalProperties": false,
    "properties": {
      "city": {
        "type": "string",
      },
      "offers": {
        "items": {
          "additionalProperties": false,
          "properties": {
            "catering": {
              "additionalProperties": false,
              "properties": {
                "id": {
                  "type": "string",
                },
                "name": {
                  "type": "string",
                },
                "rating": {
                  "anyOf": [
                    {
                      "type": "number",
                    },
                    {
                      "type": "null",
                    },
                  ],
                  "description": "0–5.",
                },
                "reviews": {
                  "type": "number",
                },
              },
              "required": [
                "id",
                "name",
                "rating",
                "reviews",
              ],
              "type": "object",
            },
            "diet": {
              "type": "string",
            },
            "diet_tag": {
              "anyOf": [
                {
                  "type": "string",
                },
                {
                  "type": "null",
                },
              ],
            },
            "is_configurable": {
              "type": "boolean",
            },
            "kcal": {
              "anyOf": [
                {
                  "type": "number",
                },
                {
                  "type": "null",
                },
              ],
            },
            "offer_id": {
              "type": "string",
            },
            "price": {
              "additionalProperties": false,
              "properties": {
                "list": {
                  "anyOf": [
                    {
                      "type": "number",
                    },
                    {
                      "type": "null",
                    },
                  ],
                  "description": "Per-day price before promo codes.",
                },
                "per_day": {
                  "description": "Per-day price after the promo code below — the number rankings and totals use.",
                  "type": "number",
                },
                "promo": {
                  "anyOf": [
                    {
                      "additionalProperties": false,
                      "properties": {
                        "code": {
                          "type": "string",
                        },
                        "discount_percent": {
                          "type": "number",
                        },
                        "ends_at": {
                          "anyOf": [
                            {
                              "type": "string",
                            },
                            {
                              "type": "null",
                            },
                          ],
                        },
                      },
                      "required": [
                        "code",
                        "discount_percent",
                        "ends_at",
                      ],
                      "type": "object",
                    },
                    {
                      "type": "null",
                    },
                  ],
                  "description": "The code this price assumes. Quote/basket apply it; if dietly rejects it the list price applies.",
                },
              },
              "required": [
                "list",
                "per_day",
                "promo",
              ],
              "type": "object",
            },
            "tier": {
              "anyOf": [
                {
                  "type": "string",
                },
                {
                  "type": "null",
                },
              ],
            },
            "variant": {
              "anyOf": [
                {
                  "type": "string",
                },
                {
                  "type": "null",
                },
              ],
            },
          },
          "required": [
            "catering",
            "diet",
            "diet_tag",
            "is_configurable",
            "kcal",
            "offer_id",
            "price",
            "tier",
            "variant",
          ],
          "type": "object",
        },
        "type": "array",
      },
      "total": {
        "type": "number",
      },
    },
    "required": [
      "city",
      "offers",
      "total",
    ],
    "type": "object",
  },
}
`;
